scripts/debugRoomDetection.ts(333,46): error TS1005: ':' expected.
scripts/debugRoomDetection.ts(334,34): error TS1005: ':' expected.
scripts/debugRoomDetection.ts(334,45): error TS1005: ':' expected.
scripts/debugRoomDetection.ts(335,34): error TS1005: ':' expected.
scripts/debugRoomDetection.ts(335,44): error TS1005: ':' expected.
scripts/debugRoomDetection.ts(359,50): error TS1005: ':' expected.
scripts/debugRoomDetection.ts(360,36): error TS1005: ':' expected.
scripts/debugRoomDetection.ts(360,46): error TS1005: ':' expected.
scripts/debugRoomDetection.ts(361,35): error TS1005: ':' expected.
scripts/debugRoomDetection.ts(361,44): error TS1005: ':' expected.
scripts/debugRoomDetection.ts(364,35): error TS1005: ':' expected.
scripts/debugRoomDetection.ts(364,45): error TS1005: ':' expected.
scripts/debugRoomDetection.ts(365,35): error TS1005: ':' expected.
scripts/debugRoomDetection.ts(365,46): error TS1005: ':' expected.
scripts/debugRoomDetection.ts(366,36): error TS1005: ':' expected.
scripts/debugRoomDetection.ts(366,47): error TS1005: ':' expected.
